          0  +0                                                                        40'h0000000000 40'h0000000000 
    6545892  +4                                                                        40'h0000404090 40'hFFFFCDCA28 
   12699492  +4                                                                        40'h00260B59F4 40'hFFDE9F9A0C 
   18853092  +4                                                                        40'hFFB020A0FC 40'h006DD6A304 
   25006692  +4                                                                        40'hFE86F0BBA0 40'h0121996918 
   31160292  +4                                                                        40'hFE3740B63C 40'h007DD7F49C 
   37313892  +4                                                                        40'hFE39147B20 40'hFFC52F0990 
   43467492  +4                                                                        40'hFE6CFDC448 40'hFF24EBE07C 
   49621092  +4                                                                        40'hFED7448168 40'hFEA2322754 
   55774692  +4                                                                        40'hFF6989AFA4 40'hFE4EAAB338 
   61928292  +4                                                                        40'h0010189444 40'hFE35911FE4 
   68081892  +4                                                                        40'h00B4793E38 40'hFE5A4669CC 
   74235492  +4                                                                        40'h014079BF6C 40'hFEB7E4BC1C 
   80389092  +4                                                                        40'h01A13B8FE0 40'hFF41C5F3CC 
   86542692  +4                                                                        40'h01C9AEDF54 40'hFFE5451B78 
   92696292  +4                                                                        40'h01B4646418 40'h008C610FB8 
   98849892  +4                                                                        40'h01642B8FD4 40'h01208BBCC8 
  105003492  +4                                                                        40'h00E3E7AC08 40'h018DC246C0 
  111157092  +4                                                                        40'h0044E61690 40'h01C54826EC 
  117310692  +4                                                                        40'hFF9C9037C0 40'h01BFA44BB0 
  123464292  +4                                                                        40'hFF019F0C14 40'h017D9BB3BC 
  129617892  +4                                                                        40'hFE88FDBB68 40'h01080A3858 
  135771492  +4                                                                        40'hFE42EEB2B4 40'h006EDC1AB8 
  141925092  +4                                                                        40'hFE38EC77C0 40'hFFC6B9D8B0 
  148078692  +4                                                                        40'hFE6C45FCB8 40'hFF26457F78 
  154232292  +4                                                                        40'hFED611B508 40'hFEA32C584C 
  160385892  +4                                                                        40'hFF680D768C 40'hFE4F21A9E4 
  166539492  +4                                                                        40'h000E838C48 40'hFE3577E2E8 
  172693092  +4                                                                        40'h00B2FDDC68 40'hFE59A47CF8 
  178846692  +4                                                                        40'h013F5363B4 40'hFEB6D0C6D4 
  185000292  +4                                                                        40'h01A08FD034 40'hFF405B88B8 
  191153892  +4                                                                        40'h01C98E2CF4 40'hFFE3BF10AC 
  197307492  +4                                                                        40'h01B4D38614 40'h008AF206E4 
  203461092  +4                                                                        40'h0165259C64 40'h011F5AC384 
  209614692  +4                                                                        40'h00E548E4F8 40'h018D02BDC0 
  215768292  +4                                                                        40'h004673C914 40'h01C5145110 
  221921892  +4                                                                        40'hFF9E19CFC8 40'h01BFFF9138 
  228075492  +4                                                                        40'hFF02F72A8C 40'h017E737BDC 
  234229092  +4                                                                        40'hFE89EA9558 40'h01094D1B90 
  240382692  +4                                                                        40'hFE435656F0 40'h00705D0898 
  246536292  +4                                                                        40'hFE38BDF23C 40'hFFC8389740 
  252689892  +4                                                                        40'hFE6B8C7348 40'hFF279D13C4 
  258843492  +4                                                                        40'hFED4DF3574 40'hFEA427370C 
  264997092  +4                                                                        40'hFF668FDFE8 40'hFE4F9F5B7C 
  271150692  +4                                                                        40'h000CEE9EB0 40'hFE356D3220 
  277304292  +4                                                                        40'h00B18AA5D0 40'hFE5910EB1C 
  283457892  +4                                                                        40'h013E2D30E8 40'hFEB5BD9344 
  289611492  +4                                                                        40'h019FDF2B3C 40'hFF3EFB6D74 
  295765092  +4                                                                        40'h01C97735E0 40'hFFE2378984 
  301918692  +4                                                                        40'h01B54A67A4 40'h00897D9ADC 
  308072292  +4                                                                        40'h0166252DF8 40'h011E308F94 
  314225892  +4                                                                        40'h00E6A54A18 40'h018C3B5DA4 
  320379492  +4                                                                        40'h00480342A8 40'h01C4D3E4BC 
  326533092  +4                                                                        40'hFF9FAA4E20 40'h01C04EE20C 
  332686692  +4                                                                        40'hFF044958A4 40'h017F4AABE4 
  338840292  +4                                                                        40'hFE8AD7E2B4 40'h010A9153B0 
  344993892  +4                                                                        40'hFE43B8DC80 40'h0071D4B9B4 
  351147492  +4                                                                        40'hFE388A7560 40'hFFC9BA6A94 
  357301092  +4                                                                        40'hFE6AC74CEC 40'hFF28F41EA8 
  363454692  +4                                                                        40'hFED3AD20D0 40'hFEA52A5114 
  369608292  +4                                                                        40'hFF6511F620 40'hFE50264260 
  375761892  +4                                                                        40'h000B54B658 40'hFE35632EB4 
  381915492  +4                                                                        40'h00B013B65C 40'hFE587AB8A8 
  388069092  +4                                                                        40'h013D0FEF6C 40'hFEB4B1D6C8 
  394222692  +4                                                                        40'h019F3BFC58 40'hFF3D9A8D2C 
  400376292  +4                                                                        40'h01C95F0904 40'hFFE0B1FF3C 
  406529892  +4                                                                        40'h01B5CC9134 40'h0088033EB4 
  412683492  +4                                                                        40'h016726FF9C 40'h011CF9885C 
  418837092  +4                                                                        40'h00E8035130 40'h018B70DE5C 
  424990692  +4                                                                        40'h00499595DC 40'h01C48B9498 
  431144292  +4                                                                        40'hFFA137C4EC 40'h01C098AAB0 
  437297892  +4                                                                        40'hFF0597D674 40'h01801EA0F8 
  443451492  +4                                                                        40'hFE8BBB2694 40'h010BCAC9E0 
  449605092  +4                                                                        40'hFE4418DAD0 40'h00734F0C64 
  455758692  +4                                                                        40'hFE3853F9D0 40'hFFCB449F5C 
  461912292  +4                                                                        40'hFE6A039624 40'hFF2A523984 
  468065892  +4                                                                        40'hFED2756188 40'hFEA6302794 
  474219492  +4                                                                        40'hFF6392DFF0 40'hFE50B22C08 
  480373092  +4                                                                        40'h0009C5EE58 40'hFE355F80A0 
  486526692  +4                                                                        40'h00AEA35EF4 40'hFE57E94E94 
  492680292  +4                                                                        40'h013BECE72C 40'hFEB3A64B4C 
  498833892  +4                                                                        40'h019E9339CC 40'hFF3C36EC24 
  504987492  +4                                                                        40'h01C949405C 40'hFFDF28FED4 
  511141092  +4                                                                        40'h01B6492298 40'h008684C140 
  517294692  +4                                                                        40'h0168240D80 40'h011BBA0168 
  523448292  +4                                                                        40'h00E96130F4 40'h018AA46744 
  529601892  +4                                                                        40'h004B25EC98 40'h01C4480174 
  535755492  +4                                                                        40'hFFA2BCEAD8 40'h01C0E6D1FC 
  541909092  +4                                                                        40'hFF06E62380 40'h0180F12080 
  548062692  +4                                                                        40'hFE8CA38C4C 40'h010D04541C 
  554216292  +4                                                                        40'hFE4471655C 40'h0074CD0140 
  560369892  +4                                                                        40'hFE381E3F58 40'hFFCCD3DA78 
  566523492  +4                                                                        40'hFE6945A98C 40'hFF2BBAB548 
  572677092  +4                                                                        40'hFED1445D88 40'hFEA73DDE08 
  578830692  +4                                                                        40'hFF621897BC 40'hFE5143D0DC 
  584984292  +4                                                                        40'h00083A8FDC 40'hFE3560775C 
  591137892  +4                                                                        40'h00AD364774 40'hFE5759F994 
  597291492  +4                                                                        40'h013AD1E790 40'hFEB29ADF98 
  603445092  +4                                                                        40'h019DF2DE50 40'hFF3ACD3884 
  609598692  +4                                                                        40'h01C9361454 40'hFFDD981164 
  615752292  +4                                                                        40'h01B6C50A64 40'h0085079C5C 
  621905892  +4                                                                        40'h016921FACC 40'h011A7C4F34 
  628059492  +4                                                                        40'h00EAC10830 40'h0189CF7964 
  634213092  +4                                                                        40'h004CA97DF0 40'h01C3FA0708 
  640366692  +4                                                                        40'hFFA43EDF78 40'h01C12D0608 
  646520292  +4                                                                        40'hFF082B5F50 40'h0181C3F494 
  652673892  +4                                                                        40'hFE8D7ECA04 40'h010E47E3B0 
  658827492  +4                                                                        40'hFE44D73DF0 40'h00764EC960 
  664981092  +4                                                                        40'hFE37ECBDB4 40'hFFCE60C9C8 
  671134692  +4                                                                        40'hFE68869CC0 40'hFF2D1DB38C 
  677288292  +4                                                                        40'hFED019115C 40'hFEA84A915C 
  683441892  +4                                                                        40'hFF60A4AB00 40'hFE51D111F4 
  689595492  +4                                                                        40'h0006AEF1FC 40'hFE35635094 
  695749092  +4                                                                        40'h00ABC91ACC 40'hFE56CFA770 
  701902692  +4                                                                        40'h0139B3B86C 40'hFEB18B2520 
  708056292  +4                                                                        40'h019D4AC67C 40'hFF396458EC 
  714209892  +4                                                                        40'h01C918EC0C 40'hFFDC0847F8 
  720363492  +4                                                                        40'h01B739F454 40'h0083831C98 
  726517092  +4                                                                        40'h016A17DF14 40'h01193CCF08 
  732670692  +4                                                                        40'h00EC10F234 40'h0189005A4C 
  738824292  +4                                                                        40'h004E307C5C 40'h01C3B8EC10 
  744977892  +4                                                                        40'hFFA5BE1F2C 40'h01C17B9098 
  751131492  +4                                                                        40'hFF097161AC 40'h01829C4B0C 
  757285092  +4                                                                        40'hFE8E6A571C 40'h010F8AFCE0 
  763438692  +4                                                                        40'hFE453974BC 40'h0077D73A6C 
  769592292  +4                                                                        40'hFE37BB3DE8 40'hFFCFF42E18 
